2025-12-01T12:16:57.6271052Z Current runner version: '2.329.0'
2025-12-01T12:16:57.6294918Z ##[group]Runner Image Provisioner
2025-12-01T12:16:57.6295715Z Hosted Compute Agent
2025-12-01T12:16:57.6296372Z Version: 20251016.436
2025-12-01T12:16:57.6296948Z Commit: 8ab8ac8bfd662a3739dab9fe09456aba92132568
2025-12-01T12:16:57.6297616Z Build Date: 2025-10-15T20:44:12Z
2025-12-01T12:16:57.6298244Z ##[endgroup]
2025-12-01T12:16:57.6298800Z ##[group]Operating System
2025-12-01T12:16:57.6299318Z Ubuntu
2025-12-01T12:16:57.6300010Z 24.04.3
2025-12-01T12:16:57.6300453Z LTS
2025-12-01T12:16:57.6300905Z ##[endgroup]
2025-12-01T12:16:57.6301404Z ##[group]Runner Image
2025-12-01T12:16:57.6301995Z Image: ubuntu-24.04
2025-12-01T12:16:57.6302499Z Version: 20251112.124.1
2025-12-01T12:16:57.6303521Z Included Software: https://github.com/actions/runner-images/blob/ubuntu24/20251112.124/images/ubuntu/Ubuntu2404-Readme.md
2025-12-01T12:16:57.6305076Z Image Release: https://github.com/actions/runner-images/releases/tag/ubuntu24%2F20251112.124
2025-12-01T12:16:57.6306076Z ##[endgroup]
2025-12-01T12:16:57.6307131Z ##[group]GITHUB_TOKEN Permissions
2025-12-01T12:16:57.6309077Z Contents: read
2025-12-01T12:16:57.6309781Z Metadata: read
2025-12-01T12:16:57.6310318Z Packages: read
2025-12-01T12:16:57.6310777Z ##[endgroup]
2025-12-01T12:16:57.6313249Z Secret source: Actions
2025-12-01T12:16:57.6313921Z Prepare workflow directory
2025-12-01T12:16:57.6733920Z Prepare all required actions
2025-12-01T12:16:57.6774371Z Getting action download info
2025-12-01T12:16:58.1522265Z Download action repository 'actions/checkout@v4' (SHA:34e114876b0b11c390a56381ad16ebd13914f8d5)
2025-12-01T12:16:58.7668521Z Download action repository 'actions/setup-python@v5' (SHA:a26af69be951a213d495a4c3e4e4022e16d87065)
2025-12-01T12:16:58.8442421Z Download action repository 'actions/cache@v4' (SHA:0057852bfaa89a56745cba8c7296529d2fc39830)
2025-12-01T12:16:58.9402917Z Download action repository 'actions/upload-artifact@v4' (SHA:ea165f8d65b6e75b540449e92b4886f43607fa02)
2025-12-01T12:16:59.1364668Z Complete job name: build-test
2025-12-01T12:16:59.2070259Z ##[group]Run actions/checkout@v4
2025-12-01T12:16:59.2071197Z with:
2025-12-01T12:16:59.2071683Z   repository: M1steryO/secdev-lite-template-dv
2025-12-01T12:16:59.2072442Z   token: ***
2025-12-01T12:16:59.2072854Z   ssh-strict: true
2025-12-01T12:16:59.2073278Z   ssh-user: git
2025-12-01T12:16:59.2073716Z   persist-credentials: true
2025-12-01T12:16:59.2074191Z   clean: true
2025-12-01T12:16:59.2074617Z   sparse-checkout-cone-mode: true
2025-12-01T12:16:59.2075123Z   fetch-depth: 1
2025-12-01T12:16:59.2075542Z   fetch-tags: false
2025-12-01T12:16:59.2075962Z   show-progress: true
2025-12-01T12:16:59.2076395Z   lfs: false
2025-12-01T12:16:59.2076791Z   submodules: false
2025-12-01T12:16:59.2077207Z   set-safe-directory: true
2025-12-01T12:16:59.2077898Z ##[endgroup]
2025-12-01T12:16:59.3140164Z Syncing repository: M1steryO/secdev-lite-template-dv
2025-12-01T12:16:59.3142200Z ##[group]Getting Git version info
2025-12-01T12:16:59.3143207Z Working directory is '/home/runner/work/secdev-lite-template-dv/secdev-lite-template-dv'
2025-12-01T12:16:59.3144417Z [command]/usr/bin/git version
2025-12-01T12:16:59.3207374Z git version 2.51.2
2025-12-01T12:16:59.3233265Z ##[endgroup]
2025-12-01T12:16:59.3253907Z Temporarily overriding HOME='/home/runner/work/_temp/ba4b8ca5-3cc8-4b93-97dc-4271927f5c4d' before making global git config changes
2025-12-01T12:16:59.3256199Z Adding repository directory to the temporary git global config as a safe directory
2025-12-01T12:16:59.3258688Z [command]/usr/bin/git config --global --add safe.directory /home/runner/work/secdev-lite-template-dv/secdev-lite-template-dv
2025-12-01T12:16:59.3294383Z Deleting the contents of '/home/runner/work/secdev-lite-template-dv/secdev-lite-template-dv'
2025-12-01T12:16:59.3297764Z ##[group]Initializing the repository
2025-12-01T12:16:59.3301961Z [command]/usr/bin/git init /home/runner/work/secdev-lite-template-dv/secdev-lite-template-dv
2025-12-01T12:16:59.3404784Z hint: Using 'master' as the name for the initial branch. This default branch name
2025-12-01T12:16:59.3406176Z hint: is subject to change. To configure the initial branch name to use in all
2025-12-01T12:16:59.3407143Z hint: of your new repositories, which will suppress this warning, call:
2025-12-01T12:16:59.3407898Z hint:
2025-12-01T12:16:59.3408744Z hint: 	git config --global init.defaultBranch <name>
2025-12-01T12:16:59.3409925Z hint:
2025-12-01T12:16:59.3410885Z hint: Names commonly chosen instead of 'master' are 'main', 'trunk' and
2025-12-01T12:16:59.3412254Z hint: 'development'. The just-created branch can be renamed via this command:
2025-12-01T12:16:59.3413021Z hint:
2025-12-01T12:16:59.3413470Z hint: 	git branch -m <name>
2025-12-01T12:16:59.3414271Z hint:
2025-12-01T12:16:59.3414953Z hint: Disable this message with "git config set advice.defaultBranchName false"
2025-12-01T12:16:59.3416243Z Initialized empty Git repository in /home/runner/work/secdev-lite-template-dv/secdev-lite-template-dv/.git/
2025-12-01T12:16:59.3420193Z [command]/usr/bin/git remote add origin https://github.com/M1steryO/secdev-lite-template-dv
2025-12-01T12:16:59.3453064Z ##[endgroup]
2025-12-01T12:16:59.3453841Z ##[group]Disabling automatic garbage collection
2025-12-01T12:16:59.3457085Z [command]/usr/bin/git config --local gc.auto 0
2025-12-01T12:16:59.3485379Z ##[endgroup]
2025-12-01T12:16:59.3486099Z ##[group]Setting up auth
2025-12-01T12:16:59.3492089Z [command]/usr/bin/git config --local --name-only --get-regexp core\.sshCommand
2025-12-01T12:16:59.3521315Z [command]/usr/bin/git submodule foreach --recursive sh -c "git config --local --name-only --get-regexp 'core\.sshCommand' && git config --local --unset-all 'core.sshCommand' || :"
2025-12-01T12:16:59.3849119Z [command]/usr/bin/git config --local --name-only --get-regexp http\.https\:\/\/github\.com\/\.extraheader
2025-12-01T12:16:59.3877739Z [command]/usr/bin/git submodule foreach --recursive sh -c "git config --local --name-only --get-regexp 'http\.https\:\/\/github\.com\/\.extraheader' && git config --local --unset-all 'http.https://github.com/.extraheader' || :"
2025-12-01T12:16:59.4095848Z [command]/usr/bin/git config --local --name-only --get-regexp ^includeIf\.gitdir:
2025-12-01T12:16:59.4139318Z [command]/usr/bin/git submodule foreach --recursive git config --local --show-origin --name-only --get-regexp remote.origin.url
2025-12-01T12:16:59.4360861Z [command]/usr/bin/git config --local http.https://github.com/.extraheader AUTHORIZATION: basic ***
2025-12-01T12:16:59.4394045Z ##[endgroup]
2025-12-01T12:16:59.4402510Z ##[group]Fetching the repository
2025-12-01T12:16:59.4405039Z [command]/usr/bin/git -c protocol.version=2 fetch --no-tags --prune --no-recurse-submodules --depth=1 origin +0b2403caf40927fec446678e494a903a902ee93b:refs/remotes/origin/main
2025-12-01T12:16:59.8083312Z From https://github.com/M1steryO/secdev-lite-template-dv
2025-12-01T12:16:59.8084336Z  * [new ref]         0b2403caf40927fec446678e494a903a902ee93b -> origin/main
2025-12-01T12:16:59.8116409Z ##[endgroup]
2025-12-01T12:16:59.8117719Z ##[group]Determining the checkout info
2025-12-01T12:16:59.8119136Z ##[endgroup]
2025-12-01T12:16:59.8124415Z [command]/usr/bin/git sparse-checkout disable
2025-12-01T12:16:59.8170354Z [command]/usr/bin/git config --local --unset-all extensions.worktreeConfig
2025-12-01T12:16:59.8199994Z ##[group]Checking out the ref
2025-12-01T12:16:59.8204987Z [command]/usr/bin/git checkout --progress --force -B main refs/remotes/origin/main
2025-12-01T12:16:59.8264524Z Switched to a new branch 'main'
2025-12-01T12:16:59.8266850Z branch 'main' set up to track 'origin/main'.
2025-12-01T12:16:59.8273600Z ##[endgroup]
2025-12-01T12:16:59.8309423Z [command]/usr/bin/git log -1 --format=%H
2025-12-01T12:16:59.8332618Z 0b2403caf40927fec446678e494a903a902ee93b
2025-12-01T12:16:59.8595782Z ##[group]Run actions/setup-python@v5
2025-12-01T12:16:59.8596445Z with:
2025-12-01T12:16:59.8596822Z   python-version: 3.11
2025-12-01T12:16:59.8597285Z   check-latest: false
2025-12-01T12:16:59.8597941Z   token: ***
2025-12-01T12:16:59.8598569Z   update-environment: true
2025-12-01T12:16:59.8599081Z   allow-prereleases: false
2025-12-01T12:16:59.8599729Z   freethreaded: false
2025-12-01T12:16:59.8600181Z ##[endgroup]
2025-12-01T12:17:00.0292429Z ##[group]Installed versions
2025-12-01T12:17:00.0404123Z Successfully set up CPython (3.11.14)
2025-12-01T12:17:00.0405728Z ##[endgroup]
2025-12-01T12:17:00.1281222Z ##[group]Run actions/cache@v4
2025-12-01T12:17:00.1281808Z with:
2025-12-01T12:17:00.1282179Z   path: ~/.cache/pip
2025-12-01T12:17:00.1282978Z   key: Linux-pip-17aacd60c994329a6feb375dd088abb7ba778568335783cc1a03e91a0a4e27a7
2025-12-01T12:17:00.1283924Z   restore-keys: Linux-pip-

2025-12-01T12:17:00.1284432Z   enableCrossOsArchive: false
2025-12-01T12:17:00.1284949Z   fail-on-cache-miss: false
2025-12-01T12:17:00.1285433Z   lookup-only: false
2025-12-01T12:17:00.1285852Z   save-always: false
2025-12-01T12:17:00.1286255Z env:
2025-12-01T12:17:00.1286753Z   pythonLocation: /opt/hostedtoolcache/Python/3.11.14/x64
2025-12-01T12:17:00.1287736Z   PKG_CONFIG_PATH: /opt/hostedtoolcache/Python/3.11.14/x64/lib/pkgconfig
2025-12-01T12:17:00.1288674Z   Python_ROOT_DIR: /opt/hostedtoolcache/Python/3.11.14/x64
2025-12-01T12:17:00.1289520Z   Python2_ROOT_DIR: /opt/hostedtoolcache/Python/3.11.14/x64
2025-12-01T12:17:00.1290662Z   Python3_ROOT_DIR: /opt/hostedtoolcache/Python/3.11.14/x64
2025-12-01T12:17:00.1291578Z   LD_LIBRARY_PATH: /opt/hostedtoolcache/Python/3.11.14/x64/lib
2025-12-01T12:17:00.1292282Z ##[endgroup]
2025-12-01T12:17:00.5832000Z Cache not found for input keys: Linux-pip-17aacd60c994329a6feb375dd088abb7ba778568335783cc1a03e91a0a4e27a7, Linux-pip-
2025-12-01T12:17:00.5954930Z ##[group]Run pip install -r requirements.txt
2025-12-01T12:17:00.5956556Z [36;1mpip install -r requirements.txt[0m
2025-12-01T12:17:00.6055768Z shell: /usr/bin/bash -e {0}
2025-12-01T12:17:00.6056946Z env:
2025-12-01T12:17:00.6058146Z   pythonLocation: /opt/hostedtoolcache/Python/3.11.14/x64
2025-12-01T12:17:00.6060366Z   PKG_CONFIG_PATH: /opt/hostedtoolcache/Python/3.11.14/x64/lib/pkgconfig
2025-12-01T12:17:00.6062433Z   Python_ROOT_DIR: /opt/hostedtoolcache/Python/3.11.14/x64
2025-12-01T12:17:00.6064288Z   Python2_ROOT_DIR: /opt/hostedtoolcache/Python/3.11.14/x64
2025-12-01T12:17:00.6066155Z   Python3_ROOT_DIR: /opt/hostedtoolcache/Python/3.11.14/x64
2025-12-01T12:17:00.6068033Z   LD_LIBRARY_PATH: /opt/hostedtoolcache/Python/3.11.14/x64/lib
2025-12-01T12:17:00.6069736Z ##[endgroup]
2025-12-01T12:17:03.1649142Z Collecting fastapi==0.115.0 (from -r requirements.txt (line 2))
2025-12-01T12:17:03.2203298Z   Downloading fastapi-0.115.0-py3-none-any.whl.metadata (27 kB)
2025-12-01T12:17:03.2577811Z Collecting uvicorn==0.30.1 (from -r requirements.txt (line 3))
2025-12-01T12:17:03.2616916Z   Downloading uvicorn-0.30.1-py3-none-any.whl.metadata (6.3 kB)
2025-12-01T12:17:03.2781825Z Collecting jinja2==3.1.4 (from -r requirements.txt (line 4))
2025-12-01T12:17:03.2814238Z   Downloading jinja2-3.1.4-py3-none-any.whl.metadata (2.6 kB)
2025-12-01T12:17:03.3986064Z Collecting pydantic==2.9.2 (from -r requirements.txt (line 5))
2025-12-01T12:17:03.4023909Z   Downloading pydantic-2.9.2-py3-none-any.whl.metadata (149 kB)
2025-12-01T12:17:03.4561040Z Collecting pytest==8.3.2 (from -r requirements.txt (line 6))
2025-12-01T12:17:03.4600322Z   Downloading pytest-8.3.2-py3-none-any.whl.metadata (7.5 kB)
2025-12-01T12:17:03.4796696Z Collecting httpx==0.27.2 (from -r requirements.txt (line 7))
2025-12-01T12:17:03.4828525Z   Downloading httpx-0.27.2-py3-none-any.whl.metadata (7.1 kB)
2025-12-01T12:17:03.5127161Z Collecting starlette<0.39.0,>=0.37.2 (from fastapi==0.115.0->-r requirements.txt (line 2))
2025-12-01T12:17:03.5167989Z   Downloading starlette-0.38.6-py3-none-any.whl.metadata (6.0 kB)
2025-12-01T12:17:03.5715190Z Collecting typing-extensions>=4.8.0 (from fastapi==0.115.0->-r requirements.txt (line 2))
2025-12-01T12:17:03.5749238Z   Downloading typing_extensions-4.15.0-py3-none-any.whl.metadata (3.3 kB)
2025-12-01T12:17:03.5876599Z Collecting annotated-types>=0.6.0 (from pydantic==2.9.2->-r requirements.txt (line 5))
2025-12-01T12:17:03.5908310Z   Downloading annotated_types-0.7.0-py3-none-any.whl.metadata (15 kB)
2025-12-01T12:17:04.2402990Z Collecting pydantic-core==2.23.4 (from pydantic==2.9.2->-r requirements.txt (line 5))
2025-12-01T12:17:04.2440372Z   Downloading pydantic_core-2.23.4-cp311-cp311-manylinux_2_17_x86_64.manylinux2014_x86_64.whl.metadata (6.6 kB)
2025-12-01T12:17:04.2670684Z Collecting click>=7.0 (from uvicorn==0.30.1->-r requirements.txt (line 3))
2025-12-01T12:17:04.2703598Z   Downloading click-8.3.1-py3-none-any.whl.metadata (2.6 kB)
2025-12-01T12:17:04.3049129Z Collecting h11>=0.8 (from uvicorn==0.30.1->-r requirements.txt (line 3))
2025-12-01T12:17:04.3083977Z   Downloading h11-0.16.0-py3-none-any.whl.metadata (8.3 kB)
2025-12-01T12:17:04.3592860Z Collecting MarkupSafe>=2.0 (from jinja2==3.1.4->-r requirements.txt (line 4))
2025-12-01T12:17:04.3630826Z   Downloading markupsafe-3.0.3-cp311-cp311-manylinux2014_x86_64.manylinux_2_17_x86_64.manylinux_2_28_x86_64.whl.metadata (2.7 kB)
2025-12-01T12:17:04.3741234Z Collecting iniconfig (from pytest==8.3.2->-r requirements.txt (line 6))
2025-12-01T12:17:04.3774677Z   Downloading iniconfig-2.3.0-py3-none-any.whl.metadata (2.5 kB)
2025-12-01T12:17:04.3942967Z Collecting packaging (from pytest==8.3.2->-r requirements.txt (line 6))
2025-12-01T12:17:04.3975013Z   Downloading packaging-25.0-py3-none-any.whl.metadata (3.3 kB)
2025-12-01T12:17:04.4097655Z Collecting pluggy<2,>=1.5 (from pytest==8.3.2->-r requirements.txt (line 6))
2025-12-01T12:17:04.4130289Z   Downloading pluggy-1.6.0-py3-none-any.whl.metadata (4.8 kB)
2025-12-01T12:17:04.4328850Z Collecting anyio (from httpx==0.27.2->-r requirements.txt (line 7))
2025-12-01T12:17:04.4361208Z   Downloading anyio-4.12.0-py3-none-any.whl.metadata (4.3 kB)
2025-12-01T12:17:04.4563476Z Collecting certifi (from httpx==0.27.2->-r requirements.txt (line 7))
2025-12-01T12:17:04.4596721Z   Downloading certifi-2025.11.12-py3-none-any.whl.metadata (2.5 kB)
2025-12-01T12:17:04.4792413Z Collecting httpcore==1.* (from httpx==0.27.2->-r requirements.txt (line 7))
2025-12-01T12:17:04.4825775Z   Downloading httpcore-1.0.9-py3-none-any.whl.metadata (21 kB)
2025-12-01T12:17:04.4981967Z Collecting idna (from httpx==0.27.2->-r requirements.txt (line 7))
2025-12-01T12:17:04.5013793Z   Downloading idna-3.11-py3-none-any.whl.metadata (8.4 kB)
2025-12-01T12:17:04.5124810Z Collecting sniffio (from httpx==0.27.2->-r requirements.txt (line 7))
2025-12-01T12:17:04.5156630Z   Downloading sniffio-1.3.1-py3-none-any.whl.metadata (3.9 kB)
2025-12-01T12:17:04.5504824Z Downloading fastapi-0.115.0-py3-none-any.whl (94 kB)
2025-12-01T12:17:04.5563928Z Downloading pydantic-2.9.2-py3-none-any.whl (434 kB)
2025-12-01T12:17:04.5636785Z Downloading uvicorn-0.30.1-py3-none-any.whl (62 kB)
2025-12-01T12:17:04.5691855Z Downloading jinja2-3.1.4-py3-none-any.whl (133 kB)
2025-12-01T12:17:04.5759140Z Downloading pytest-8.3.2-py3-none-any.whl (341 kB)
2025-12-01T12:17:04.5823138Z Downloading httpx-0.27.2-py3-none-any.whl (76 kB)
2025-12-01T12:17:04.5895695Z Downloading pydantic_core-2.23.4-cp311-cp311-manylinux_2_17_x86_64.manylinux2014_x86_64.whl (2.1 MB)
2025-12-01T12:17:04.6030510Z    ‚îÅ‚îÅ‚îÅ‚îÅ‚îÅ‚îÅ‚îÅ‚îÅ‚îÅ‚îÅ‚îÅ‚îÅ‚îÅ‚îÅ‚îÅ‚îÅ‚îÅ‚îÅ‚îÅ‚îÅ‚îÅ‚îÅ‚îÅ‚îÅ‚îÅ‚îÅ‚îÅ‚îÅ‚îÅ‚îÅ‚îÅ‚îÅ‚îÅ‚îÅ‚îÅ‚îÅ‚îÅ‚îÅ‚îÅ‚îÅ 2.1/2.1 MB 168.6 MB/s  0:00:00
2025-12-01T12:17:04.6062428Z Downloading httpcore-1.0.9-py3-none-any.whl (78 kB)
2025-12-01T12:17:04.6116290Z Downloading pluggy-1.6.0-py3-none-any.whl (20 kB)
2025-12-01T12:17:04.6166038Z Downloading starlette-0.38.6-py3-none-any.whl (71 kB)
2025-12-01T12:17:04.6218197Z Downloading anyio-4.12.0-py3-none-any.whl (113 kB)
2025-12-01T12:17:04.6270031Z Downloading annotated_types-0.7.0-py3-none-any.whl (13 kB)
2025-12-01T12:17:04.6325243Z Downloading click-8.3.1-py3-none-any.whl (108 kB)
2025-12-01T12:17:04.6379781Z Downloading h11-0.16.0-py3-none-any.whl (37 kB)
2025-12-01T12:17:04.6433191Z Downloading idna-3.11-py3-none-any.whl (71 kB)
2025-12-01T12:17:04.6486088Z Downloading markupsafe-3.0.3-cp311-cp311-manylinux2014_x86_64.manylinux_2_17_x86_64.manylinux_2_28_x86_64.whl (22 kB)
2025-12-01T12:17:04.6535460Z Downloading typing_extensions-4.15.0-py3-none-any.whl (44 kB)
2025-12-01T12:17:04.6586815Z Downloading certifi-2025.11.12-py3-none-any.whl (159 kB)
2025-12-01T12:17:04.6641996Z Downloading iniconfig-2.3.0-py3-none-any.whl (7.5 kB)
2025-12-01T12:17:04.6692523Z Downloading packaging-25.0-py3-none-any.whl (66 kB)
2025-12-01T12:17:04.6745108Z Downloading sniffio-1.3.1-py3-none-any.whl (10 kB)
2025-12-01T12:17:04.7513234Z Installing collected packages: typing-extensions, sniffio, pluggy, packaging, MarkupSafe, iniconfig, idna, h11, click, certifi, annotated-types, uvicorn, pytest, pydantic-core, jinja2, httpcore, anyio, starlette, pydantic, httpx, fastapi
2025-12-01T12:17:05.9197082Z 
2025-12-01T12:17:05.9214860Z Successfully installed MarkupSafe-3.0.3 annotated-types-0.7.0 anyio-4.12.0 certifi-2025.11.12 click-8.3.1 fastapi-0.115.0 h11-0.16.0 httpcore-1.0.9 httpx-0.27.2 idna-3.11 iniconfig-2.3.0 jinja2-3.1.4 packaging-25.0 pluggy-1.6.0 pydantic-2.9.2 pydantic-core-2.23.4 pytest-8.3.2 sniffio-1.3.1 starlette-0.38.6 typing-extensions-4.15.0 uvicorn-0.30.1
2025-12-01T12:17:06.1588360Z ##[group]Run python scripts/init_db.py
2025-12-01T12:17:06.1588680Z [36;1mpython scripts/init_db.py[0m
2025-12-01T12:17:06.1622275Z shell: /usr/bin/bash -e {0}
2025-12-01T12:17:06.1622492Z env:
2025-12-01T12:17:06.1622737Z   pythonLocation: /opt/hostedtoolcache/Python/3.11.14/x64
2025-12-01T12:17:06.1623132Z   PKG_CONFIG_PATH: /opt/hostedtoolcache/Python/3.11.14/x64/lib/pkgconfig
2025-12-01T12:17:06.1623520Z   Python_ROOT_DIR: /opt/hostedtoolcache/Python/3.11.14/x64
2025-12-01T12:17:06.1623852Z   Python2_ROOT_DIR: /opt/hostedtoolcache/Python/3.11.14/x64
2025-12-01T12:17:06.1624192Z   Python3_ROOT_DIR: /opt/hostedtoolcache/Python/3.11.14/x64
2025-12-01T12:17:06.1624544Z   LD_LIBRARY_PATH: /opt/hostedtoolcache/Python/3.11.14/x64/lib
2025-12-01T12:17:06.1624829Z ##[endgroup]
2025-12-01T12:17:06.2183765Z DB initialized at /home/runner/work/secdev-lite-template-dv/secdev-lite-template-dv/app.db
2025-12-01T12:17:06.2249058Z ##[group]Run mkdir -p EVIDENCE/S08
2025-12-01T12:17:06.2249391Z [36;1mmkdir -p EVIDENCE/S08[0m
2025-12-01T12:17:06.2249910Z [36;1mpytest -q --junitxml=EVIDENCE/S08/test-report.xml[0m
2025-12-01T12:17:06.2282395Z shell: /usr/bin/bash -e {0}
2025-12-01T12:17:06.2282624Z env:
2025-12-01T12:17:06.2282864Z   pythonLocation: /opt/hostedtoolcache/Python/3.11.14/x64
2025-12-01T12:17:06.2283250Z   PKG_CONFIG_PATH: /opt/hostedtoolcache/Python/3.11.14/x64/lib/pkgconfig
2025-12-01T12:17:06.2283639Z   Python_ROOT_DIR: /opt/hostedtoolcache/Python/3.11.14/x64
2025-12-01T12:17:06.2283978Z   Python2_ROOT_DIR: /opt/hostedtoolcache/Python/3.11.14/x64
2025-12-01T12:17:06.2284311Z   Python3_ROOT_DIR: /opt/hostedtoolcache/Python/3.11.14/x64
2025-12-01T12:17:06.2284649Z   LD_LIBRARY_PATH: /opt/hostedtoolcache/Python/3.11.14/x64/lib
2025-12-01T12:17:06.2284928Z ##[endgroup]
2025-12-01T12:17:07.4066773Z .....                                                                    [100%]
2025-12-01T12:17:07.4067867Z - generated xml file: /home/runner/work/secdev-lite-template-dv/secdev-lite-template-dv/EVIDENCE/S08/test-report.xml -
2025-12-01T12:17:07.4068715Z 5 passed in 0.53s
2025-12-01T12:17:07.4752982Z ##[group]Run actions/upload-artifact@v4
2025-12-01T12:17:07.4753251Z with:
2025-12-01T12:17:07.4753414Z   name: evidence-s08
2025-12-01T12:17:07.4753608Z   path: EVIDENCE/S08/**

2025-12-01T12:17:07.4753813Z   if-no-files-found: warn
2025-12-01T12:17:07.4754017Z   compression-level: 6
2025-12-01T12:17:07.4754204Z   overwrite: false
2025-12-01T12:17:07.4754397Z   include-hidden-files: false
2025-12-01T12:17:07.4754598Z env:
2025-12-01T12:17:07.4754818Z   pythonLocation: /opt/hostedtoolcache/Python/3.11.14/x64
2025-12-01T12:17:07.4755222Z   PKG_CONFIG_PATH: /opt/hostedtoolcache/Python/3.11.14/x64/lib/pkgconfig
2025-12-01T12:17:07.4755596Z   Python_ROOT_DIR: /opt/hostedtoolcache/Python/3.11.14/x64
2025-12-01T12:17:07.4755930Z   Python2_ROOT_DIR: /opt/hostedtoolcache/Python/3.11.14/x64
2025-12-01T12:17:07.4756268Z   Python3_ROOT_DIR: /opt/hostedtoolcache/Python/3.11.14/x64
2025-12-01T12:17:07.4756761Z   LD_LIBRARY_PATH: /opt/hostedtoolcache/Python/3.11.14/x64/lib
2025-12-01T12:17:07.4757068Z ##[endgroup]
2025-12-01T12:17:07.7003724Z With the provided path, there will be 1 file uploaded
2025-12-01T12:17:07.7009941Z Artifact name is valid!
2025-12-01T12:17:07.7011338Z Root directory input is valid!
2025-12-01T12:17:08.0221534Z Beginning upload of artifact content to blob storage
2025-12-01T12:17:08.3404716Z Uploaded bytes 479
2025-12-01T12:17:08.4208115Z Finished uploading artifact content to blob storage!
2025-12-01T12:17:08.4210978Z SHA256 digest of uploaded artifact zip is 8f08ddd1250d5c60105c1a73bd3bc71861c17d468007b6fe5aa1168c5f09e4cf
2025-12-01T12:17:08.4213004Z Finalizing artifact upload
2025-12-01T12:17:08.6019106Z Artifact evidence-s08.zip successfully finalized. Artifact ID 4724054138
2025-12-01T12:17:08.6020601Z Artifact evidence-s08 has been successfully uploaded! Final size is 479 bytes. Artifact ID is 4724054138
2025-12-01T12:17:08.6028333Z Artifact download URL: https://github.com/M1steryO/secdev-lite-template-dv/actions/runs/19822347100/artifacts/4724054138
2025-12-01T12:17:08.6826349Z Post job cleanup.
2025-12-01T12:17:08.8348192Z [command]/usr/bin/tar --posix -cf cache.tzst --exclude cache.tzst -P -C /home/runner/work/secdev-lite-template-dv/secdev-lite-template-dv --files-from manifest.txt --use-compress-program zstdmt
2025-12-01T12:17:10.1850654Z Sent 6141216 of 6141216 (100.0%), 6.2 MBs/sec
2025-12-01T12:17:10.3987135Z Cache saved with key: Linux-pip-17aacd60c994329a6feb375dd088abb7ba778568335783cc1a03e91a0a4e27a7
2025-12-01T12:17:10.4074695Z Post job cleanup.
2025-12-01T12:17:10.5683516Z Post job cleanup.
2025-12-01T12:17:10.6622303Z [command]/usr/bin/git version
2025-12-01T12:17:10.6658829Z git version 2.51.2
2025-12-01T12:17:10.6700839Z Temporarily overriding HOME='/home/runner/work/_temp/2f3355e2-f997-4659-bf0f-376b0d2511a9' before making global git config changes
2025-12-01T12:17:10.6702047Z Adding repository directory to the temporary git global config as a safe directory
2025-12-01T12:17:10.6713283Z [command]/usr/bin/git config --global --add safe.directory /home/runner/work/secdev-lite-template-dv/secdev-lite-template-dv
2025-12-01T12:17:10.6746527Z [command]/usr/bin/git config --local --name-only --get-regexp core\.sshCommand
2025-12-01T12:17:10.6777512Z [command]/usr/bin/git submodule foreach --recursive sh -c "git config --local --name-only --get-regexp 'core\.sshCommand' && git config --local --unset-all 'core.sshCommand' || :"
2025-12-01T12:17:10.7002392Z [command]/usr/bin/git config --local --name-only --get-regexp http\.https\:\/\/github\.com\/\.extraheader
2025-12-01T12:17:10.7022155Z http.https://github.com/.extraheader
2025-12-01T12:17:10.7034040Z [command]/usr/bin/git config --local --unset-all http.https://github.com/.extraheader
2025-12-01T12:17:10.7066016Z [command]/usr/bin/git submodule foreach --recursive sh -c "git config --local --name-only --get-regexp 'http\.https\:\/\/github\.com\/\.extraheader' && git config --local --unset-all 'http.https://github.com/.extraheader' || :"
2025-12-01T12:17:10.7307059Z [command]/usr/bin/git config --local --name-only --get-regexp ^includeIf\.gitdir:
2025-12-01T12:17:10.7341378Z [command]/usr/bin/git submodule foreach --recursive git config --local --show-origin --name-only --get-regexp remote.origin.url
2025-12-01T12:17:10.7694481Z Cleaning up orphan processes